  正在确定要还原的项目…
  已还原 D:\project\robot-simulator\src\Sim.Tests\VisionStreamStub\VisionStreamStub.csproj (用时 68 毫秒)。
  已还原 D:\project\robot-simulator\src\Sim.Tests\EchoController\EchoController.csproj (用时 65 毫秒)。
  已还原 D:\project\robot-simulator\src\Sim.Tests\Sim.Tests.csproj (用时 1.29 秒)。
  8 个项目(共 11 个)是最新的，无法还原。
  Sim.Protocol -> D:\project\robot-simulator\src\Sim.Protocol\bin\Debug\net8.0\Sim.Protocol.dll
  Sim.Core -> D:\project\robot-simulator\src\Sim.Core\bin\Debug\net8.0\Sim.Core.dll
  Sim.Controller -> D:\project\robot-simulator\src\Sim.Controller\bin\Debug\net8.0\Sim.Controller.dll
  Sim.Calibration -> D:\project\robot-simulator\src\Sim.Calibration\bin\Debug\net8.0\Sim.Calibration.dll
  Sim.VisionReplay -> D:\project\robot-simulator\src\Sim.VisionReplay\bin\Debug\net8.0\Sim.VisionReplay.dll
  Sim.Mujoco -> D:\project\robot-simulator\src\Sim.Mujoco\bin\Debug\net8.0\Sim.Mujoco.dll
  Sim.Hosting -> D:\project\robot-simulator\src\Sim.Hosting\bin\Debug\net8.0\Sim.Hosting.dll
  Sim.Cli -> D:\project\robot-simulator\src\Sim.Cli\bin\Debug\net8.0\Sim.Cli.dll
  EchoController -> D:\project\robot-simulator\src\Sim.Tests\EchoController\bin\Debug\net8.0\EchoController.dll
  VisionStreamStub -> D:\project\robot-simulator\src\Sim.Tests\VisionStreamStub\bin\Debug\net8.0\VisionStreamStub.dll
D:\project\robot-simulator\src\Sim.Tests\BatchCommandTests.cs(159,21): warning CS8601: 可能的 null 引用赋值。 [D:\project\robot-simulator\src\Sim.Tests\Sim.Tests.csproj]
D:\project\robot-simulator\src\Sim.Tests\BatchCommandTests.cs(160,49): warning CS8601: 可能的 null 引用赋值。 [D:\project\robot-simulator\src\Sim.Tests\Sim.Tests.csproj]
D:\project\robot-simulator\src\Sim.Tests\BatchCommandTests.cs(161,43): warning CS8601: 可能的 null 引用赋值。 [D:\project\robot-simulator\src\Sim.Tests\Sim.Tests.csproj]
D:\project\robot-simulator\src\Sim.Tests\BatchCommandTests.cs(162,13): warning CS8601: 可能的 null 引用赋值。 [D:\project\robot-simulator\src\Sim.Tests\Sim.Tests.csproj]
D:\project\robot-simulator\src\Sim.Tests\BatchCommandTests.cs(162,33): warning CS8601: 可能的 null 引用赋值。 [D:\project\robot-simulator\src\Sim.Tests\Sim.Tests.csproj]
D:\project\robot-simulator\src\Sim.Tests\SensorCalibrationImportTests.cs(60,17): warning xUnit1013: Public method 'Dispose' on test class 'SensorCalibrationImportTests' should be marked as a Fact. Reduce the visibility of the method, or add a Fact attribute to the method. (https://xunit.net/xunit.analyzers/rules/xUnit1013) [D:\project\robot-simulator\src\Sim.Tests\Sim.Tests.csproj]
  Sim.Tests -> D:\project\robot-simulator\src\Sim.Tests\bin\Debug\net8.0\Sim.Tests.dll
D:\project\robot-simulator\src\Sim.Tests\bin\Debug\net8.0\Sim.Tests.dll (.NETCoreApp,Version=v8.0)的测试运行
总共 1 个测试文件与指定模式相匹配。

已通过! - 失败:     0，通过:     2，已跳过:     0，总计:     2，持续时间: 65 ms - Sim.Tests.dll (net8.0)
